// Jest Snapshot v1, https://goo.gl/fbAQLP

exports[`MyMissions render My Missions Components 1`] = `[Function]`;

exports[`MyRockets render My Rockets Components 1`] = `[Function]`;

exports[`Rockets Check if button works 1`] = `[Function]`;

exports[`Rockets render My Rockets Components 1`] = `[Function]`;
